0 verbose cli /usr/local/bin/node /usr/local/lib/node_modules/npm/bin/npm-cli.js
1 info using npm@10.5.0
2 info using node@v20.12.2
3 timing npm:load:whichnode Completed in 7ms
4 timing config:load:defaults Completed in 6ms
5 timing config:load:file:/usr/local/lib/node_modules/npm/npmrc Completed in 4ms
6 timing config:load:builtin Completed in 5ms
7 timing config:load:cli Completed in 4ms
8 timing config:load:env Completed in 1ms
9 timing config:load:file:/root/.npmrc Completed in 8ms
10 timing config:load:project Completed in 24ms
11 timing config:load:file:/.npmrc Completed in 1ms
12 timing config:load:user Completed in 2ms
13 timing config:load:file:/usr/local/etc/npmrc Completed in 1ms
14 timing config:load:global Completed in 2ms
15 timing config:load:setEnvs Completed in 2ms
16 timing config:load Completed in 47ms
17 timing npm:load:configload Completed in 47ms
18 timing config:load:flatten Completed in 6ms
19 timing npm:load:mkdirpcache Completed in 3ms
20 timing npm:load:mkdirplogs Completed in 2ms
21 verbose title npm exec concurrently make start-frontend make start-backend
22 verbose argv "exec" "--" "concurrently" "make start-frontend" "make start-backend"
23 timing npm:load:setTitle Completed in 1ms
24 timing npm:load:display Completed in 1ms
25 verbose logfile logs-max:10 dir:/root/.npm/_logs/2026-07-26T15_30_33_831Z-
26 verbose logfile /root/.npm/_logs/2026-07-26T15_30_33_831Z-debug-0.log
27 timing npm:load:logFile Completed in 71ms
28 timing npm:load:timers Completed in 0ms
29 timing npm:load:configScope Completed in 0ms
30 timing npm:load Completed in 184ms
31 silly logfile done cleaning log files
